// Jest Snapshot v1, https://goo.gl/fbAQLP

exports[`<Film> should render component 1`] = `null`;
