// Jest Snapshot v1, https://goo.gl/fbAQLP

exports[`<FilmCard> should render component 1`] = `null`;

exports[`<Films> should render component 1`] = `null`;
